
> tushar-karmakar@0.1.0 build
> next build

  ▲ Next.js 14.2.35
  - Environments: .env.local

   Creating an optimized production build ...
 ✓ Compiled successfully
   Linting and checking validity of types ...

Failed to compile.

./components/AboutSection.tsx
12:9  Error: 'recruiterSummary' is assigned a value but never used.  @typescript-eslint/no-unused-vars

./components/HeroSection.tsx
79:16  Error: `'` can be escaped with `&apos;`, `&lsquo;`, `&#39;`, `&rsquo;`.  react/no-unescaped-entities

./components/ProjectsSection.tsx
43:41  Error: 'index' is defined but never used.  @typescript-eslint/no-unused-vars

./components/RecruiterDashboard/CertificateModal.tsx
4:23  Error: 'ZoomIn' is defined but never used.  @typescript-eslint/no-unused-vars

./components/RecruiterDashboard/CertificationsSection.tsx
4:17  Error: 'Calendar' is defined but never used.  @typescript-eslint/no-unused-vars

./components/RecruiterDashboard/ExperiencePanel.tsx
4:10  Error: 'Briefcase' is defined but never used.  @typescript-eslint/no-unused-vars

./components/RecruiterDashboard/index.tsx
1:10  Error: 'useState' is defined but never used.  @typescript-eslint/no-unused-vars

./components/SkillsSection.tsx
5:28  Error: 'PenTool' is defined but never used.  @typescript-eslint/no-unused-vars

info  - Need to disable some ESLint rules? Learn more here: https://nextjs.org/docs/basic-features/eslint#disabling-rules
